--------------------------------------------------------------------------------------
Timing Analyzer Summary
--------------------------------------------------------------------------------------

Type           : Worst-case tsu
Slack          : N/A
Required Time  : None
Actual Time    : 6.904 ns
From           : carry
To             : sequencer:inst11|MicroPC:mPC|mPC[7]
From Clock     : --
To Clock       : ck
Failed Paths   : 0

Type           : Worst-case tco
Slack          : N/A
Required Time  : None
Actual Time    : 13.592 ns
From           : rom:inst7|altsyncram:altsyncram_component|altsyncram_vq71:auto_generated|ram_block1a0~porta_address_reg7
To             : control_signals_to_UP[17]
From Clock     : ck
To Clock       : --
Failed Paths   : 0

Type           : Worst-case th
Slack          : N/A
Required Time  : None
Actual Time    : -1.553 ns
From           : opcode[1]
To             : sequencer:inst11|MicroPC:mPC|mPC[1]
From Clock     : --
To Clock       : ck
Failed Paths   : 0

Type           : Clock Setup: 'ck'
Slack          : N/A
Required Time  : None
Actual Time    : 68.83 MHz ( period = 14.528 ns )
From           : rom:inst7|altsyncram:altsyncram_component|altsyncram_vq71:auto_generated|ram_block1a0~porta_address_reg7
To             : sequencer:inst11|MicroPC:mPC|mPC[7]
From Clock     : ck
To Clock       : ck
Failed Paths   : 0

Type           : Total number of failed paths
Slack          : 
Required Time  : 
Actual Time    : 
From           : 
To             : 
From Clock     : 
To Clock       : 
Failed Paths   : 0

--------------------------------------------------------------------------------------

